[www.dovotech.com/index.html]
[cdn.shopify.com/s/files/1/0620/6695/0393/files/favicon-32x32_32x32d827.png]
[backblue.gif]
[fade.gif]
[index.html]
[cdn.shopify.com/s/files/1/0620/6695/0393/files/LOGO_SITE_1200x12001a31.png]
[cdn.shopify.com/shopifycloud/storefront-recaptcha-v3/v0.6/index.js]
[cdn.shopify.com/shopifycloud/shopify/assets/storefront/load_feature-ab38017af3cf759db0af0bbd1e75229f6a189f5bf1f2db42169630998b969021.js]
[cdn.shopify.com/shopifycloud/shopify/assets/storefront/features-87e8399988880142f2c62771b9d8f2ff6c290b3ff745dd426eb0dfe0db9d1dae.js]
[cdn.shopify.com/s/files/1/0620/6695/0393/t/6/assets/theme.scss5aea.css]
[cdn.shopify.com/s/files/1/0620/6695/0393/t/6/assets/lazysizes.minf0bc.js]
[cdn.shopify.com/s/files/1/0620/6695/0393/t/6/assets/vendor.mindc30.js]
[cdn.shopify.com/s/files/1/0620/6695/0393/t/6/assets/theme.minf4f1.js]
[cdn.shopify.com/s/files/1/0620/6695/0393/t/6/assets/customeb14.js]
[shopoe.net/app.js]
[cdn.shopify.com/s/files/1/0620/6695/0393/t/6/assets/customized-styles70fc.css]
[acdn.goldendev.win/shopify/add-to-cart/js/add-to-cart-script58ed.js]
[www.dovotech.com/POST]
[cdn.shopify.com/s/trekkie.storefront.40843249406b965149797f3a2828e03f7fbc07e2.min.js]
[cdn.shopify.com/shopifycloud/shopify/assets/shop_events_listener-65cd0ba3fcd81a1df33f2510ec5bcf8c0e0958653b50e3965ec972dd638ee13f.js]
[cdn.shopify.com/shopifycloud/boomerang/shopify-boomerang-1.0.0.min.js]
[www.dovotech.com/collections/rzr-storage-bags-set-of-2.html]
[www.dovotech.com/collections/storage-bags-set-of-3.html]
[www.dovotech.com/products/dovotech-rzr-fang-light-kit.html]
[www.dovotech.com/collections/golf-cart-speakers.html]
[www.dovotech.com/pages/contact.html]
[www.dovotech.com/blogs/news.html]
[www.dovotech.com/search.html]
[cdn.shopify.com/s/files/1/0620/6695/0393/files/LOGO_SITE_x401a31.png]
[www.dovotech.com/cart.html]
[cdn.shopify.com/s/files/1/0620/6695/0393/files/Design_fara_titlu_19_786289db-7f99-4c42-9cb3-7adda2325d5c_300xa4b8.png]
[cdn.shopify.com/s/files/1/0620/6695/0393/files/Design_fara_titlu_20_300x5f52.png]
[www.dovotech.com/products/dovotech-t8-pro-golf-speaker-15w.html]
[cdn.shopify.com/s/files/1/0620/6695/0393/products/198324650_2868898236756990_8325215817140438754_n_bb067ba7-0626-485a-8a0d-143d4fc5f342_{width}x3639.jpg]
[cdn.shopify.com/s/files/1/0620/6695/0393/products/198324650_2868898236756990_8325215817140438754_n_bb067ba7-0626-485a-8a0d-143d4fc5f342_1024x10243639.jpg]
[www.dovotech.com/products/dovotech-t8-pro-max-golf-speaker-40w.html]
[cdn.shopify.com/s/files/1/0620/6695/0393/products/198389893_283456556795450_5236851869529339816_n_2_{width}x827f.jpg]
[cdn.shopify.com/s/files/1/0620/6695/0393/products/198389893_283456556795450_5236851869529339816_n_2_1024x1024827f.jpg]
[www.dovotech.com/products/dovotech-rzr-storage-bags-set-of-3-blue.html]
[cdn.shopify.com/s/files/1/0620/6695/0393/products/3_culori_albastru_2_{width}x47fa.jpg]
[cdn.shopify.com/s/files/1/0620/6695/0393/products/3_culori_albastru_2_1024x102447fa.jpg]
[www.dovotech.com/products/dovotech-rzr-storage-bags-set-of-3-grey.html]
[cdn.shopify.com/s/files/1/0620/6695/0393/products/3_culori_gri_2_{width}x47fa.jpg]
[cdn.shopify.com/s/files/1/0620/6695/0393/products/3_culori_gri_2_1024x102447fa.jpg]
[www.dovotech.com/products/dovotech-rzr-storage-bags-set-of-3-red.html]
[cdn.shopify.com/s/files/1/0620/6695/0393/products/3_culori_rosu_1_{width}x47fa.jpg]
[cdn.shopify.com/s/files/1/0620/6695/0393/products/3_culori_rosu_1_1024x102447fa.jpg]
[www.dovotech.com/products/dovotech-rzr-storage-bags-set-of-2-blue.html]
[cdn.shopify.com/s/files/1/0620/6695/0393/products/Genti_alabstru_2_{width}xe55c.jpg]
[cdn.shopify.com/s/files/1/0620/6695/0393/products/Genti_alabstru_2_1024x1024e55c.jpg]
[www.dovotech.com/products/dovotech-rzr-storage-bags-set-of-2-grey.html]
[cdn.shopify.com/s/files/1/0620/6695/0393/products/Genti_gri_2_{width}x47fa.jpg]
[cdn.shopify.com/s/files/1/0620/6695/0393/products/Genti_gri_2_1024x102447fa.jpg]
[www.dovotech.com/products/dovotech-rzr-storage-bags-set-of-2-red.html]
[cdn.shopify.com/s/files/1/0620/6695/0393/products/Genti_rosu_2_{width}x47fa.jpg]
[cdn.shopify.com/s/files/1/0620/6695/0393/products/Genti_rosu_2_1024x102447fa.jpg]
[cdn.shopify.com/s/files/1/0620/6695/0393/products/71MFOgnzZlL._AC_SL1500__1_{width}x.53e4db.delayed]
[cdn.shopify.com/s/files/1/0620/6695/0393/products/71MFOgnzZlL._AC_SL1500__1_1024x1024e4db.jpg]
[www.dovotech.com/index.html]
[cdn.shopify.com/s/files/1/0620/6695/0393/t/6/assets/theme.scss5aea.css]
[cdn.shopify.com/s/files/1/0620/6695/0393/t/6/assets/customized-styles70fc.html]
[www.dovotech.com/POST.html]
[www.dovotech.com/collections/rzr-storage-bags-set-of-2.atom]
[www.dovotech.com/collections/rzr-storage-bags-set-of-2.oembed]
[www.dovotech.com/collections/POST]
[www.dovotech.com/collections/rzr-storage-bags-set-of-2.html]
[www.dovotech.com/collections/storage-bags-set-of-3.atom]
[www.dovotech.com/collections/storage-bags-set-of-3.html]
[www.dovotech.com/collections/storage-bags-set-of-3.oembed]
[cdn.shopify.com/s/files/1/0620/6695/0393/products/71MFOgnzZlL._AC_SL1500__1_1200x1200e4db.jpg]
[cdn.shopify.com/s/files/1/0620/6695/0393/products/71DISB1PH_L._AC_SL1500_1200x120071bb.jpg]
[cdn.shopify.com/s/files/1/0620/6695/0393/products/71hxLLyOPhS._AC_SL1500_1200x12004c82.jpg]
[www.dovotech.com/products/dovotech-rzr-fang-light-kit.oembed]
[www.dovotech.com/products/POST]
[cdn.shopify.com/s/files/1/0620/6695/0393/t/6/assets/pagefly-main993f.css]
[cdn.shopify.com/s/files/1/0620/6695/0393/t/6/assets/pagefly.14201a8368c5.css]
[cdn.shopify.com/s/files/1/0620/6695/0393/products/71MFOgnzZlL._AC_SL1500__1e4db.jpg]
[cdn.shopify.com/s/files/1/0620/6695/0393/products/71DISB1PH_L._AC_SL150071bb.jpg]
[cdn.shopify.com/s/files/1/0620/6695/0393/products/71hxLLyOPhS._AC_SL15004c82.jpg]
[cdn.shopify.com/s/files/1/0620/6695/0393/products/710YC-rThlL._AC_SL150071bb.jpg]
[cdn.shopify.com/s/files/1/0620/6695/0393/products/711yAiv4--S._AC_SL150071bb.jpg]
[cdn.shopify.com/s/files/1/0620/6695/0393/products/716Ragrb3rL._AC_SL150071bb.jpg]
[www.dovotech.com/products/dovotech-rzr-fang-light-kit.html]
[cdn.pagefly.io/pagefly/3.15.8/core/helper.js]
[www.dovotech.com/collections/golf-cart-speakers.atom]
[www.dovotech.com/collections/golf-cart-speakers.html]
[www.dovotech.com/collections/golf-cart-speakers.oembed]
[www.dovotech.com/pages/POST]
[www.dovotech.com/pages/contact.html]
[www.dovotech.com/blogs/news.atom]
[www.dovotech.com/blogs/POST]
[www.dovotech.com/blogs/news.html]
[www.dovotech.com/search.html]
[cdn.shopify.com/s/global/search.css]
[www.dovotech.com/collections/all.html]
[cdn.shopify.com/shopifycloud/shopify/assets/no-image-2048-5e88c1b20e087fb7bbe9a3771824e743c244f437e4f8ba93bbf7b11b53f7824c_medium.gif]
[www.dovotech.com/cart.html]
[cdn.shopify.com/s/files/1/0620/6695/0393/products/198324650_2868898236756990_8325215817140438754_n_bb067ba7-0626-485a-8a0d-143d4fc5f342_1200x12003639.jpg]
[cdn.shopify.com/s/files/1/0620/6695/0393/products/818EFfzWVcS._AC_SL1500_1200x120042c0.jpg]
[cdn.shopify.com/s/files/1/0620/6695/0393/products/91QLa0t1NNS._AC_SL1500_1200x120047fa.jpg]
[www.dovotech.com/products/dovotech-t8-pro-golf-speaker-15w.oembed]
[cdn.shopify.com/s/files/1/0620/6695/0393/t/6/assets/pagefly.fa0831b9be52.css]
[cdn.shopify.com/s/files/1/0620/6695/0393/products/198324650_2868898236756990_8325215817140438754_n_bb067ba7-0626-485a-8a0d-143d4fc5f3423639.jpg]
[cdn.shopify.com/s/files/1/0620/6695/0393/products/818EFfzWVcS._AC_SL150042c0.jpg]
[cdn.shopify.com/s/files/1/0620/6695/0393/products/91QLa0t1NNS._AC_SL150047fa.jpg]
[cdn.shopify.com/s/files/1/0620/6695/0393/products/81q5rr5PIYS._AC_SL150018b0.jpg]
[cdn.shopify.com/s/files/1/0620/6695/0393/products/81NcUP9Bo-S._AC_SL150047fa.jpg]
[cdn.shopify.com/s/files/1/0620/6695/0393/products/91GMn3jyz-S._AC_SL150018b0.jpg]
[www.dovotech.com/products/dovotech-t8-pro-golf-speaker-15w.html]
[cdn.shopify.com/s/files/1/0620/6695/0393/products/198324650_2868898236756990_8325215817140438754_n_bb067ba7-0626-485a-8a0d-143d4fc5f342_{width}x3639.html]
[cdn.shopify.com/s/files/1/0620/6695/0393/products/198389893_283456556795450_5236851869529339816_n_2_1200x1200827f.jpg]
[cdn.shopify.com/s/files/1/0620/6695/0393/products/81k0hja96RS._AC_SL1500_1200x120027bb.jpg]
[cdn.shopify.com/s/files/1/0620/6695/0393/products/81YcAiRfTjS._AC_SL1500_1200x120027bb.jpg]
[www.dovotech.com/products/dovotech-t8-pro-max-golf-speaker-40w.oembed]
[cdn.shopify.com/s/files/1/0620/6695/0393/t/6/assets/pagefly.f40a8ab08da6.css]
[cdn.shopify.com/s/files/1/0620/6695/0393/products/198389893_283456556795450_5236851869529339816_n_2827f.jpg]
[cdn.shopify.com/s/files/1/0620/6695/0393/products/81k0hja96RS._AC_SL150027bb.jpg]
[cdn.shopify.com/s/files/1/0620/6695/0393/products/81YcAiRfTjS._AC_SL150027bb.jpg]
[cdn.shopify.com/s/files/1/0620/6695/0393/products/91cgIsD55RL._AC_SL150047fa.jpg]
[cdn.shopify.com/s/files/1/0620/6695/0393/products/81TyNet0GWL._AC_SL1500e4db.jpg]
[cdn.shopify.com/s/files/1/0620/6695/0393/products/81eMt8i_5xL._AC_SL150027bb.jpg]
[www.dovotech.com/products/dovotech-t8-pro-max-golf-speaker-40w.html]
[cdn.shopify.com/s/files/1/0620/6695/0393/products/198389893_283456556795450_5236851869529339816_n_2_{width}x827f.html]
[cdn.shopify.com/s/files/1/0620/6695/0393/products/3_culori_albastru_2_1200x120047fa.jpg]
[cdn.shopify.com/s/files/1/0620/6695/0393/products/81cvdbTSgyL._AC_SL1500_1200x1200f1cf.jpg]
[cdn.shopify.com/s/files/1/0620/6695/0393/products/81jMYlMwh9L._AC_SL1500_d167a4af-4dd2-46ec-98e9-4da05e927edd_1200x1200f1cf.jpg]
[www.dovotech.com/products/dovotech-rzr-storage-bags-set-of-3-blue.oembed]
[cdn.shopify.com/s/files/1/0620/6695/0393/t/6/assets/pagefly.9e62d6dcae24.css]
[cdn.shopify.com/s/files/1/0620/6695/0393/products/3_culori_albastru_247fa.jpg]
[cdn.shopify.com/s/files/1/0620/6695/0393/products/81cvdbTSgyL._AC_SL1500f1cf.jpg]
[cdn.shopify.com/s/files/1/0620/6695/0393/products/81jMYlMwh9L._AC_SL1500_d167a4af-4dd2-46ec-98e9-4da05e927eddf1cf.jpg]
[cdn.shopify.com/s/files/1/0620/6695/0393/products/71buLfZ0uEL._AC_SL10005d3c.jpg]
[cdn.shopify.com/s/files/1/0620/6695/0393/products/81fNCC5W-fL._AC_SL1500f1cf.jpg]
[cdn.shopify.com/s/files/1/0620/6695/0393/products/81gG1ksRfWL._AC_SL1500f1cf.jpg]
[cdn.shopify.com/s/files/1/0620/6695/0393/products/81NI2xR0vRL._AC_SL1500f1cf.jpg]
[www.dovotech.com/products/dovotech-rzr-storage-bags-set-of-3-blue.html]
[cdn.shopify.com/s/files/1/0620/6695/0393/products/3_culori_albastru_2_{width}x47fa.html]
[cdn.shopify.com/s/files/1/0620/6695/0393/products/3_culori_gri_2_1200x120047fa.jpg]
[cdn.shopify.com/s/files/1/0620/6695/0393/products/61-nJHgmBtL._AC_SX615_SY462_1200x12006de6.jpg]
[cdn.shopify.com/s/files/1/0620/6695/0393/products/81h_Yomb8cL._AC_SX615_SY462_1200x12006de6.jpg]
[www.dovotech.com/products/dovotech-rzr-storage-bags-set-of-3-grey.oembed]
[cdn.shopify.com/s/files/1/0620/6695/0393/t/6/assets/pagefly.547f0da1ae06.css]
[cdn.shopify.com/s/files/1/0620/6695/0393/products/3_culori_gri_247fa.jpg]
[cdn.shopify.com/s/files/1/0620/6695/0393/products/61-nJHgmBtL._AC_SX615_SY4626de6.jpg]
[cdn.shopify.com/s/files/1/0620/6695/0393/products/81h_Yomb8cL._AC_SX615_SY4626de6.jpg]
[cdn.shopify.com/s/files/1/0620/6695/0393/products/Poza_2_Gri_3961b.jpg]
[cdn.shopify.com/s/files/1/0620/6695/0393/products/Poza_1_Gri_2961b.jpg]
[cdn.shopify.com/s/files/1/0620/6695/0393/products/81cvdbTSgyL._AC_SL1500__1_b8cea4c8-0cb1-4273-85e4-2d4ec1a3ae3c961b.jpg]
[www.dovotech.com/products/dovotech-rzr-storage-bags-set-of-3-grey.html]
[cdn.shopify.com/s/files/1/0620/6695/0393/products/3_culori_gri_2_{width}x47fa.html]
[cdn.shopify.com/s/files/1/0620/6695/0393/products/3_culori_rosu_1_1200x120047fa.jpg]
[cdn.shopify.com/s/files/1/0620/6695/0393/products/81cvdbTSgyL._AC_SL1500__1_1200x120057b0.jpg]
[cdn.shopify.com/s/files/1/0620/6695/0393/products/81VcLpuNpnL._AC_SL1500_36bfa42d-3f25-4374-ab39-bef0f84f4184_1200x120057b0.jpg]
[www.dovotech.com/products/dovotech-rzr-storage-bags-set-of-3-red.oembed]
[cdn.shopify.com/s/files/1/0620/6695/0393/t/6/assets/pagefly.432a6e381858.css]
[cdn.shopify.com/s/files/1/0620/6695/0393/products/3_culori_rosu_147fa.jpg]
[cdn.shopify.com/s/files/1/0620/6695/0393/products/81cvdbTSgyL._AC_SL1500__157b0.jpg]
[cdn.shopify.com/s/files/1/0620/6695/0393/products/81VcLpuNpnL._AC_SL1500_36bfa42d-3f25-4374-ab39-bef0f84f418457b0.jpg]
[cdn.shopify.com/s/files/1/0620/6695/0393/products/61Qlf2Y_2BL._AC_SL10001f03.jpg]
[cdn.shopify.com/s/files/1/0620/6695/0393/products/81xggeIQ94L._AC_SL150057b0.jpg]
[cdn.shopify.com/s/files/1/0620/6695/0393/products/81wZx9IvQYL._AC_SL150057b0.jpg]
[cdn.shopify.com/s/files/1/0620/6695/0393/products/81251iq5hVL._AC_SL150057b0.jpg]
[www.dovotech.com/products/dovotech-rzr-storage-bags-set-of-3-red.html]
[cdn.shopify.com/s/files/1/0620/6695/0393/products/3_culori_rosu_1_{width}x47fa.html]
[cdn.shopify.com/s/files/1/0620/6695/0393/products/Genti_alabstru_2_1200x1200e55c.jpg]
[cdn.shopify.com/s/files/1/0620/6695/0393/products/81AZauPQFRS._AC_SL1500_1200x120047fa.jpg]
[cdn.shopify.com/s/files/1/0620/6695/0393/products/81rlPiHVPdS._AC_SL1500_1200x120047fa.jpg]
[www.dovotech.com/products/dovotech-rzr-storage-bags-set-of-2-blue.oembed]
[cdn.shopify.com/s/files/1/0620/6695/0393/t/6/assets/pagefly.dd6521eecb09.css]
[cdn.shopify.com/s/files/1/0620/6695/0393/products/Genti_alabstru_2e55c.jpg]
[cdn.shopify.com/s/files/1/0620/6695/0393/products/81AZauPQFRS._AC_SL150047fa.jpg]
[cdn.shopify.com/s/files/1/0620/6695/0393/products/81rlPiHVPdS._AC_SL150047fa.jpg]
[cdn.shopify.com/s/files/1/0620/6695/0393/products/81t_qhfRorS._AC_SL1500e4db.jpg]
[cdn.shopify.com/s/files/1/0620/6695/0393/products/81twbLoNDWS._AC_SL150047fa.jpg]
[cdn.shopify.com/s/files/1/0620/6695/0393/products/81jMYlMwh9L._AC_SL15006ebe.jpg]
[www.dovotech.com/products/dovotech-rzr-storage-bags-set-of-2-blue.html]
[cdn.shopify.com/s/files/1/0620/6695/0393/products/Genti_alabstru_2_{width}xe55c.html]
[cdn.shopify.com/s/files/1/0620/6695/0393/products/Genti_gri_2_1200x120047fa.jpg]
[cdn.shopify.com/s/files/1/0620/6695/0393/products/81Mc06m2zrL._AC_SL1500_1200x1200ea43.jpg]
[cdn.shopify.com/s/files/1/0620/6695/0393/products/81P-vWUCmRL._AC_SL1500_1200x120047fa.jpg]
[www.dovotech.com/products/dovotech-rzr-storage-bags-set-of-2-grey.oembed]
[cdn.shopify.com/s/files/1/0620/6695/0393/t/6/assets/pagefly.2cb4eaf1336e.css]
[cdn.shopify.com/s/files/1/0620/6695/0393/products/Genti_gri_247fa.jpg]
[cdn.shopify.com/s/files/1/0620/6695/0393/products/81Mc06m2zrL._AC_SL1500ea43.jpg]
[cdn.shopify.com/s/files/1/0620/6695/0393/products/81P-vWUCmRL._AC_SL150047fa.jpg]
[cdn.shopify.com/s/files/1/0620/6695/0393/products/81PhpNyZ-FL._AC_SL150047fa.jpg]
[cdn.shopify.com/s/files/1/0620/6695/0393/products/81qPraj7PgL._AC_SL1500e4db.jpg]
[cdn.shopify.com/s/files/1/0620/6695/0393/products/81JQPJtSHKL._AC_SL1500e4db.jpg]
[www.dovotech.com/products/dovotech-rzr-storage-bags-set-of-2-grey.html]
[cdn.shopify.com/s/files/1/0620/6695/0393/products/Genti_gri_2_{width}x47fa.html]
[cdn.shopify.com/s/files/1/0620/6695/0393/products/Genti_rosu_2_1200x120047fa.jpg]
[cdn.shopify.com/s/files/1/0620/6695/0393/products/81Xq8CctWiS._AC_SL1500_1200x120047fa.jpg]
[cdn.shopify.com/s/files/1/0620/6695/0393/products/815N5wPfD8S._AC_SL1500_1200x1200e4db.jpg]
[www.dovotech.com/products/dovotech-rzr-storage-bags-set-of-2-red.oembed]
[cdn.shopify.com/s/files/1/0620/6695/0393/t/6/assets/pagefly.10571785ecfc.css]
[cdn.shopify.com/s/files/1/0620/6695/0393/products/Genti_rosu_247fa.jpg]
[cdn.shopify.com/s/files/1/0620/6695/0393/products/81Xq8CctWiS._AC_SL150047fa.jpg]
[cdn.shopify.com/s/files/1/0620/6695/0393/products/815N5wPfD8S._AC_SL1500e4db.jpg]
[cdn.shopify.com/s/files/1/0620/6695/0393/products/81nrVxAJ3KS._AC_SL1500e55c.jpg]
[cdn.shopify.com/s/files/1/0620/6695/0393/products/810uKlpnObS._AC_SL150047fa.jpg]
[cdn.shopify.com/s/files/1/0620/6695/0393/products/81VcLpuNpnL._AC_SL15000896.jpg]
[cdn.shopify.com/s/files/1/0620/6695/0393/products/81pzsG1aAqS._AC_SL1500e4db.jpg]
[www.dovotech.com/products/dovotech-rzr-storage-bags-set-of-2-red.html]
[cdn.shopify.com/s/files/1/0620/6695/0393/products/Genti_rosu_2_{width}x47fa.html]
[cdn.shopify.com/s/files/1/0620/6695/0393/products/71MFOgnzZlL._AC_SL1500__1_{width}xe4db.html]
[www.dovotech.com/collections/POST.html]
[www.dovotech.com/products/POST.html]
[cdn.shopify.com/s/files/1/0620/6695/0393/t/6/assets/pagefly-main993f.css]
[cdn.shopify.com/s/files/1/0620/6695/0393/t/5/assets/mod2-1-16432919479501f5c.jpg]
[cdn.shopify.com/s/files/1/0620/6695/0393/t/5/assets/1200x628-ledppc-_mod-1-16432920819423a84.jpg]
[cdn.shopify.com/s/files/1/0620/6695/0393/t/6/assets/pagefly.14201a8368c5.css]
[www.dovotech.com/pages/POST.html]
[www.dovotech.com/blogs/POST.html]
[cdn.shopify.com/s/global/search.css]
[www.dovotech.com/collections/all.html]
[www.dovotech.com/cart/change0437.html]
[www.dovotech.com/collections/all.atom]
[cdn.shopify.com/s/files/1/0620/6695/0393/t/5/assets/poza-spatele-cutiei-1643281817270b3a5.jpg]
[cdn.shopify.com/s/files/1/0620/6695/0393/t/5/assets/colaj_mod-1-1643282253483fcf4.jpg]
[cdn.shopify.com/s/files/1/0620/6695/0393/t/6/assets/pagefly.fa0831b9be52.css]
[cdn.shopify.com/s/files/1/0620/6695/0393/t/5/assets/poza-14-1643285904193157a.jpg]
[cdn.shopify.com/s/files/1/0620/6695/0393/t/5/assets/colaj-1-1643285963299213a.jpg]
[cdn.shopify.com/s/files/1/0620/6695/0393/t/6/assets/pagefly.f40a8ab08da6.css]
[cdn.shopify.com/s/files/1/0620/6695/0393/t/5/assets/poza-1_albastru-1643302860772669d.jpg]
[cdn.shopify.com/s/files/1/0620/6695/0393/t/5/assets/poza-1_albastra-1-1643302470811df11.jpg]
[cdn.shopify.com/s/files/1/0620/6695/0393/t/6/assets/pagefly.9e62d6dcae24.css]
[cdn.shopify.com/s/files/1/0620/6695/0393/t/5/assets/poza-1_grey-16433057890791d45.jpg]
[cdn.shopify.com/s/files/1/0620/6695/0393/t/5/assets/poza-1_gri-164330588088790cf.jpg]
[cdn.shopify.com/s/files/1/0620/6695/0393/t/6/assets/pagefly.547f0da1ae06.css]
[cdn.shopify.com/s/files/1/0620/6695/0393/t/5/assets/poza-1_rosu-1-16433067407258600.jpg]
[cdn.shopify.com/s/files/1/0620/6695/0393/t/5/assets/poza-1_rosu-16433067966444583.jpg]
[cdn.shopify.com/s/files/1/0620/6695/0393/t/6/assets/pagefly.432a6e381858.css]
[cdn.shopify.com/s/files/1/0620/6695/0393/t/5/assets/poza_1_albastru-16432950640322919.jpg]
[cdn.shopify.com/s/files/1/0620/6695/0393/t/6/assets/pagefly.dd6521eecb09.css]
[cdn.shopify.com/s/files/1/0620/6695/0393/t/5/assets/poza_1_gri-2-1643301684080d6de.jpg]
[cdn.shopify.com/s/files/1/0620/6695/0393/t/5/assets/poza-1_gri-16433022574161b3c.jpg]
[cdn.shopify.com/s/files/1/0620/6695/0393/t/6/assets/pagefly.2cb4eaf1336e.css]
[cdn.shopify.com/s/files/1/0620/6695/0393/t/5/assets/poza_1_rosu-1-1643295644547917e.jpg]
[cdn.shopify.com/s/files/1/0620/6695/0393/t/5/assets/poza-1_rosu-164330237235683a7.jpg]
[cdn.shopify.com/s/files/1/0620/6695/0393/t/6/assets/pagefly.10571785ecfc.css]
